{
  "md_adts": [],
  "md_anchor": "module-damldocsscriptimport-97896",
  "md_classes": [],
  "md_descr": "My documented module",
  "md_functions": [
    {
      "fct_anchor": "function-damldocsscriptimport-main-98373",
      "fct_context": [],
      "fct_descr": "My documented script",
      "fct_name": "main",
      "fct_type": {
        "TypeApp": [
          {
            "referenceAnchor": "type-daml-script-script-90248",
            "referencePackage": "daml-script-UNVERSIONED"
          },
          "Script",
          [
            {
              "TypeTuple": []
            }
          ]
        ]
      }
    }
  ],
  "md_instances": [],
  "md_interfaces": [],
  "md_name": "DamlDocsScriptImport",
  "md_templates": []
}
