{
  "contracts": {

  },
  "parties": {
    "Alice": "Alice",
    "Bob": "Bob",
    "Charlie": "Charlie"
  }
}
